src/components/ChatWindow.tsx(17,37): error TS2304: Cannot find name 'useState'.
src/components/ChatWindow.tsx(18,41): error TS2304: Cannot find name 'useState'.
src/components/ChatWindow.tsx(19,39): error TS2304: Cannot find name 'useState'.
src/components/ChatWindow.tsx(20,51): error TS2304: Cannot find name 'useState'.
src/components/ChatWindow.tsx(21,28): error TS2304: Cannot find name 'useRef'.
src/components/ChatWindow.tsx(22,22): error TS2304: Cannot find name 'useRef'.
src/components/ChatWindow.tsx(25,5): error TS2304: Cannot find name 'useEffect'.
src/components/ChatWindow.tsx(30,5): error TS2304: Cannot find name 'useEffect'.
src/components/ChatWindow.tsx(45,25): error TS7006: Parameter 'prev' implicitly has an 'any' type.
src/components/ChatWindow.tsx(59,25): error TS7006: Parameter 'prev' implicitly has an 'any' type.
src/components/ChatWindow.tsx(80,25): error TS7006: Parameter 'prev' implicitly has an 'any' type.
src/components/ChatWindow.tsx(90,21): error TS7006: Parameter 'prev' implicitly has an 'any' type.
src/components/ChatWindow.tsx(124,29): error TS7006: Parameter 'prev' implicitly has an 'any' type.
src/components/ChatWindow.tsx(130,29): error TS7006: Parameter 'prev' implicitly has an 'any' type.
src/components/ChatWindow.tsx(136,29): error TS7006: Parameter 'prev' implicitly has an 'any' type.
src/components/ChatWindow.tsx(142,29): error TS7006: Parameter 'prev' implicitly has an 'any' type.
src/components/ChatWindow.tsx(152,25): error TS7006: Parameter 'prev' implicitly has an 'any' type.
src/components/ChatWindow.tsx(211,32): error TS7006: Parameter 'msg' implicitly has an 'any' type.
src/components/ChatWindow.tsx(211,37): error TS7006: Parameter 'index' implicitly has an 'any' type.
src/components/ChatWindow.tsx(212,22): error TS2304: Cannot find name 'MessageBubble'.
src/components/ChatWindow.tsx(214,32): error TS2304: Cannot find name 'Loader'.
src/components/ChatWindow.tsx(216,18): error TS2304: Cannot find name 'SuggestionChips'.
src/components/ChatWindow.tsx(256,36): error TS7006: Parameter 'm' implicitly has an 'any' type.
src/components/LoginForm.tsx(7,37): error TS2304: Cannot find name 'useState'.
src/components/LoginForm.tsx(8,31): error TS2304: Cannot find name 'useState'.
src/components/MessageBubble.tsx(42,34): error TS2304: Cannot find name 'CourseCard'.
src/components/SignupForm.tsx(7,37): error TS2304: Cannot find name 'useState'.
src/components/SignupForm.tsx(8,31): error TS2304: Cannot find name 'useState'.
src/components/SuggestionChips.tsx(7,43): error TS2304: Cannot find name 'useState'.
src/components/SuggestionChips.tsx(8,35): error TS2304: Cannot find name 'useState'.
src/components/SuggestionChips.tsx(10,5): error TS2304: Cannot find name 'useEffect'.
src/components/SuggestionChips.tsx(36,35): error TS7006: Parameter 'suggestion' implicitly has an 'any' type.
src/components/SuggestionChips.tsx(36,47): error TS7006: Parameter 'index' implicitly has an 'any' type.
